## REPEATABLE-READ级别下的上锁机制
我们的目标是根据隔离级别 + SQL 语句 + 数据特征“推导”出 MYSQL 在哪些地方上了哪些锁，而不是记一个又一个的 case 。

![iso-rr](static/2020-10/iso-rr.png)

google-adsense

---

## 快照读与当前读
innodb 的每一个写事务都会记录 undo 日志，undo 日志会记录数据之前是一个怎样的值，这个就相当于是数据的一个历史快照。快照读，读就是数据历史上的某一个版本，这种读是不上锁的 。
```sql
select * from tempdb.t; -- 快照读
```
如果要读取数据的最新内容，这个就要求对数据上锁，这类读有一个专门的名字“当前读”
```sql
select * from tempdb.t for share;  -- 上同享锁
select * from tempdb.t for update; -- 上排他锁
```

快照读由于不上锁，而这里主要是讲 innodb 的上锁机制，所以不会讲快照读。

---

## innodb的加锁机制

1、innodb 的加锁是施加在索引上的。2、为了解决`幻读`的问题 innodb 引入了间隙锁，这个这个锁会锁定两条记录项之间的区间。不过想理解清理还要看一些例子才行，下面用一些例子帮助理解。

---

## 表有主建无二级索引

建立一个有主键无二级索引的表

```sql
mysql> create table t(id int not null primary key,v int);                                        
Query OK, 0 rows affected (0.02 sec)

mysql> insert into t(id,v) values(1,100),(5,500),(9,900);                                        
Query OK, 3 rows affected (0.00 sec)
Records: 3  Duplicates: 0  Warnings: 0

mysql> select * from t;
+----+------+
| id | v    |
+----+------+
|  1 |  100 |
|  5 |  500 |
|  9 |  900 |
+----+------+
3 rows in set (0.00 sec)
```
当 where 条件里带主键时 mysql 会加什么锁呢？为了保证可重复读，当给定的主键值存在的情况下只要上`行锁`，当给定的主键值不存在时就要上`主键值所在区间的记录锁`；不给定 where 条件时要锁定（-∞,+∞) 这整个区间。 

---

## 给定的主键值存在

这种情况要保证 REPEATABLE-READ 只需要给指定的行上行锁就行了

```sql
-- 上锁 SQL
mysql> begin;                                                                                    
Query OK, 0 rows affected (0.00 sec)

mysql> select * from t where id = 5 for share;                                                   
+----+------+
| id | v    |
+----+------+
|  5 |  500 |
+----+------+
1 row in set (0.00 sec)

```
验证上锁情况
```sql
select 
    concat(object_schema,'.',object_name) as objects,
    index_name,
    lock_type,
    lock_mode,
    lock_status,
    lock_data
    from data_locks;
+----------+------------+-----------+---------------+-------------+-----------+
| objects  | index_name | lock_type | lock_mode     | lock_status | lock_data |
+----------+------------+-----------+---------------+-------------+-----------+
| tempdb.t | NULL       | TABLE     | IS            | GRANTED     | NULL      |
| tempdb.t | PRIMARY    | RECORD    | S,REC_NOT_GAP | GRANTED     | 5         |
+----------+------------+-----------+---------------+-------------+-----------+
2 rows in set (0.00 sec)
```
---

## 给定主键值不存在的情况

这种情况要给值所在的区间上行锁，区间大小由表中已经存在的记录值和-∞,+∞ 这些关键值决定

```sql
mysql> begin;                                                                                    
Query OK, 0 rows affected (0.00 sec)

mysql> select * from t where id = 2 for share;
Empty set (0.00 sec)

```
这个时候由于 2 并不存在，MySQL 为了防止其它会话插入 2 这个值，所以会把整个 [1,5) 这个区间给锁起来
```sql
select 
    concat(object_schema,'.',object_name) as objects,
    index_name,
    lock_type,
    lock_mode,
    lock_status,
    lock_data
    from data_locks;
+----------+------------+-----------+-----------+-------------+-----------+
| objects  | index_name | lock_type | lock_mode | lock_status | lock_data |
+----------+------------+-----------+-----------+-------------+-----------+
| tempdb.t | NULL       | TABLE     | IS        | GRANTED     | NULL      |
| tempdb.t | PRIMARY    | RECORD    | S,GAP     | GRANTED     | 5         | -- [1,5) 这个区间的 gap 锁
+----------+------------+-----------+-----------+-------------+-----------+
2 rows in set (0.00 sec)
```

由于锁住了 [1,5) 这个区间，所以向这个区间之外插入值会成功，向这个区间内插入值会失败
```sql
mysql> begin;                                                                                    
Query OK, 0 rows affected (0.00 sec)                                                             
                                                                                                 
mysql> insert into t(id,v) values(0,0);                                                          
Query OK, 1 row affected (0.00 sec)

mysql> insert into t(id,v) values(3,3);                                                          
ERROR 1205 (HY000): Lock wait timeout exceeded; try restarting transaction
```

---


## 没有where条件的情况

没有给定 where 条件就是在说表中的数据我全都要

```sql
mysql> begin;
Query OK, 0 rows affected (0.00 sec)

mysql> select * from t for share;
+----+------+
| id | v    |
+----+------+
|  1 |  100 |
|  5 |  500 |
|  9 |  900 |
+----+------+
3 rows in set (0.01 sec)

```

这个的分析也比较简单，由于是全表扫描相当于是主键上的（-∞,+∞）这个范围的数据都要，又要实现 repeatable-read 所以要把整个区间锁起来

```sql
select 
    concat(object_schema,'.',object_name) as objects,
    index_name,
    lock_type,
    lock_mode,
    lock_status,
    lock_data
    from data_locks;
+----------+------------+-----------+-----------+-------------+------------------------+
| objects  | index_name | lock_type | lock_mode | lock_status | lock_data              |
+----------+------------+-----------+-----------+-------------+------------------------+
| tempdb.t | NULL       | TABLE     | IS        | GRANTED     | NULL                   |
| tempdb.t | PRIMARY    | RECORD    | S         | GRANTED     | supremum pseudo-record |
| tempdb.t | PRIMARY    | RECORD    | S         | GRANTED     | 1                      |
| tempdb.t | PRIMARY    | RECORD    | S         | GRANTED     | 5                      |
| tempdb.t | PRIMARY    | RECORD    | S         | GRANTED     | 9                      |
+----------+------------+-----------+-----------+-------------+------------------------+
5 rows in set (0.00 sec)
-- 注意这里查询出来的结果看起来并不像 （-∞,+∞） 其它真的就是锁定的这整个区间
```

因为 （-∞,+∞） 被锁定，所以试着向表中插入任何一条记录都会被阻塞

```sql
mysql> insert into t(id,v) values(3,3);

ERROR 1205 (HY000): Lock wait timeout exceeded; try restarting transaction
-- 阻塞了
```

---

## where条件中没有索引

这个其它和没有 where 条件是一样的，因为这个时候它只能通过锁定全表来完成 REPEATABLE-READ 的目标

```sql
mysql> begin;                                                                                    
Query OK, 0 rows affected (0.00 sec)

mysql> select * from t where v = 10086 for share; -- 为了保证下次读到的数据不变，所以还是要锁全表
Empty set (0.00 sec)
```

查看上锁的情况

```sql
select 
    concat(object_schema,'.',object_name) as objects,
    index_name,
    lock_type,
    lock_mode,
    lock_status,
    lock_data
    from data_locks;
+----------+------------+-----------+-----------+-------------+------------------------+
| objects  | index_name | lock_type | lock_mode | lock_status | lock_data              |
+----------+------------+-----------+-----------+-------------+------------------------+
| tempdb.t | NULL       | TABLE     | IS        | GRANTED     | NULL                   |
| tempdb.t | PRIMARY    | RECORD    | S         | GRANTED     | supremum pseudo-record |
| tempdb.t | PRIMARY    | RECORD    | S         | GRANTED     | 1                      |
| tempdb.t | PRIMARY    | RECORD    | S         | GRANTED     | 5                      |
| tempdb.t | PRIMARY    | RECORD    | S         | GRANTED     | 9                      |
+----------+------------+-----------+-----------+-------------+------------------------+
5 rows in set (0.00 sec)
```
任务记得都插入不进去了，因为整个主键的 （-∞,+∞） 被锁定

```sql
mysql> insert into t(id,v) values(3,3);
ERROR 1205 (HY000): Lock wait timeout exceeded; try restarting transaction
```
---

## 二级索引的情况
因为这类索引没有唯一性的要求，所以哪怕你指定 v = 5 这样的条件，它也要在 5 的前后找到对应的记录，并锁定这个区间

```sql
create index idx_v on tempdb.t(v);

select * from t;
+----+------+
| id | v    |
+----+------+
|  1 |  100 |
|  5 |  500 |
|  9 |  900 |
+----+------+
3 rows in set (0.00 sec)

```

先看一条走二级索引的查询

```sql
begin;
select * from t where v = 500 for share;
+----+------+
| id | v    |
+----+------+
|  5 |  500 |
+----+------+
1 row in set (0.00 sec)
```

通过 performance_schema 查看上锁情况

```sql
select 
    concat(object_schema,'.',object_name) as objects,
    index_name,
    lock_type,
    lock_mode,
    lock_status,
    lock_data
    from data_locks;
+----------+------------+-----------+-----------+-------------+-----------+
| objects  | index_name | lock_type | lock_mode | lock_status | lock_data |
+----------+------------+-----------+-----------+-------------+-----------+
| tempdb.t | NULL       | TABLE     | IS        | GRANTED     | NULL      |
| tempdb.t | idx_v      | RECORD    | S         | GRANTED     | 500, 5    |
| tempdb.t | idx_v      | RECORD    | S,GAP     | GRANTED     | 900, 9    |
+----------+------------+-----------+-----------+-------------+-----------+
3 rows in set (0.01 sec)
-- 向左找、找到了 500 这个值
-- 向右找、找到了 900 这个值
-- 所以它锁定了 idx_v 这个索引上的[500,900) 这个区间
```

如果这个时候插入一个 v = 600 的数值，不成功那么说明 MySQL 确实锁定了 [500,900)

```sql
mysql> insert into t(id,v) values(6,600);
ERROR 1205 (HY000): Lock wait timeout exceeded; try restarting transaction
```

别看 performance_schema 里面只显示锁定了 idx_v 这个值，其实主键上也是有锁的
```sql
mysql> delete from t where id = 5;
ERROR 1205 (HY000): Lock wait timeout exceeded; try restarting transaction
```

---

## 唯一索引的情况
主键就是唯一索引的一种，在这里不重复分析了，记住上锁的目标只是为了实现隔离级别就行。

---

## 删除一条不存在的数据
准备表结构和数据
```sql
create table t(id int not null primary key,v int);
insert into t(id,v) values(1,100),(2,200),(3,300);
+----+------+
| id | v    |
+----+------+
|  1 |  100 |
|  5 |  500 |
|  9 |  900 |
+----+------+
3 rows in set (0.00 sec)
```

删除一条不存在的数据

```sql
mysql> begin;
Query OK, 0 rows affected (0.00 sec)

mysql> delete from t where id = 3;                                                               
Query OK, 0 rows affected (0.00 sec)
```

为了删除一条不存在的数据、理论上只要能排他的锁定那一行就行了；但是问题就在于数据不存在就不可能存在那一行对应的 recode，所以 MySQL 只能把哪一条所在的范围锁起来。
```sql
select 
    concat(object_schema,'.',object_name) as objects,
    index_name,
    lock_type,
    lock_mode,
    lock_status,
    lock_data
    from data_locks;

+----------+------------+-----------+-----------+-------------+-----------+
| objects  | index_name | lock_type | lock_mode | lock_status | lock_data |
+----------+------------+-----------+-----------+-------------+-----------+
| tempdb.t | NULL       | TABLE     | IX        | GRANTED     | NULL      |
| tempdb.t | PRIMARY    | RECORD    | X,GAP     | GRANTED     | 5         |
+----------+------------+-----------+-----------+-------------+-----------+
2 rows in set (0.00 sec)
```
如果另一个事务想插入 id =3 的话会被阻塞
```sql
select 
    concat(object_schema,'.',object_name) as objects,
    index_name,
    lock_type,
    lock_mode,
    lock_status,
    lock_data
    from data_locks;
+----------+------------+-----------+------------------------+-------------+-----------+
| objects  | index_name | lock_type | lock_mode              | lock_status | lock_data |
+----------+------------+-----------+------------------------+-------------+-----------+
| tempdb.t | NULL       | TABLE     | IX                     | GRANTED     | NULL      |
| tempdb.t | PRIMARY    | RECORD    | X,GAP,INSERT_INTENTION | WAITING     | 5         |
| tempdb.t | NULL       | TABLE     | IX                     | GRANTED     | NULL      |
| tempdb.t | PRIMARY    | RECORD    | X,GAP                  | GRANTED     | 5         |
+----------+------------+-----------+------------------------+-------------+-----------+
4 rows in set (0.00 sec)

```
同一个区间的 GAP 锁是相互兼容的(两个事务可以锁定同一个 GAP)，但是 INSERT_INTENTION  和 GAP 是不兼容的

---
138-2438-0347-

